// Jest Snapshot v1, https://goo.gl/fbAQLP

exports[`renders correctly 1`] = `
<div>
  <h2>
    Tutorial 1
  </h2>
  <div
    dangerouslySetInnerHTML={
      Object {
        "__html": "Tutorial 1 description",
      }
    }
  />
</div>
`;
