// Jest Snapshot v1, https://goo.gl/fbAQLP

exports[`renders correctly 1`] = `
<div>
  <p>
    Unfortunately, we haven't been able to load any tutorials.
  </p>
</div>
`;
